exports[`StopTitle component renders correctly 1`] = `
<Text
  accessible={true}
  allowFontScaling={true}
  ellipsizeMode="tail"
  style={
    Array [
      Object {
        "fontFamily": "gotham-rounded-book",
      },
      Object {
        "backgroundColor": "#007AC9",
        "color": "#FFFFFF",
        "fontSize": 20,
        "padding": 5,
      },
    ]
  }>
  A.I. Virtasen aukio
   (
  5302
  )
</Text>
`;
