exports[`fcm actions creates a SET_FCM_TOKEN action 1`] = `
Object {
  "token": 12345,
  "type": "SET_FCM_TOKEN",
}
`;
