exports[`location actions creates a SET_LOCATION action 1`] = `
Object {
  "locationData": Object {
    "coords": Array [],
  },
  "type": "SET_LOCATION",
}
`;
