exports[`routes reducer returns the same state on an unhandled action 1`] = `
Object {
  "scene": Object {},
}
`;
